// Jest Snapshot v1, https://goo.gl/fbAQLP

exports[`components/App renders correctly 1`] = `
<div>
  <nav
    className="navbar navbar-inverse"
  >
    <div
      className="container-fluid"
    >
      <div
        className="navbar-header"
      >
        <a
          className="navbar-brand"
          href="/"
        >
          iRacing Week Planner
        </a>
      </div>
      <ul
        className="nav navbar-nav navbar-left"
      >
        <li>
          <a
            href=""
            id="navbar-link-purchase-guide"
            onClick={[Function]}
          >
            Purchase guide
          </a>
        </li>
      </ul>
      <ul
        className="nav navbar-nav navbar-right"
      >
        <li>
          <a
            href=""
            id="navbar-link-my-tracks"
            onClick={[Function]}
          >
            Set my tracks
          </a>
        </li>
        <li>
          <a
            href=""
            id="navbar-link-my-cars"
            onClick={[Function]}
          >
            Set my cars
          </a>
        </li>
        <li>
          <a
            href=""
            id="navbar-link-favourite-series"
            onClick={[Function]}
          >
            Set favorite series
          </a>
        </li>
        <li>
          <a
            href=""
            id="navbar-link-options"
            onClick={[Function]}
          >
            Options
          </a>
        </li>
        <li>
          <a
            href=""
            id="navbar-link-about"
            onClick={[Function]}
          >
            About
          </a>
        </li>
        <li>
          <a
            href=""
            id="navbar-link-sign-in"
            onClick={[Function]}
          >
            Sign in
          </a>
        </li>
        <li
          className="dropdown"
          id="navbar-language-dropdown"
        >
          <a
            href=""
            id="navbar-link-open-language-dropdown"
            onClick={[Function]}
          >
            ðŸ‡ºðŸ‡¸
             
            <span
              className="caret"
            />
          </a>
          <ul
            className="dropdown-menu"
          >
            <li>
              <a
                href=""
                id="navbar-link-language-de"
                onClick={[Function]}
              >
                ðŸ‡©ðŸ‡ª
                 
                Deutsch (DE)
              </a>
            </li>
            <li>
              <a
                href=""
                id="navbar-link-language-en"
                onClick={[Function]}
              >
                ðŸ‡ºðŸ‡¸
                 
                English (US)
              </a>
            </li>
            <li>
              <a
                href=""
                id="navbar-link-language-en-GB"
                onClick={[Function]}
              >
                ðŸ‡¬ðŸ‡§
                 
                English (UK)
              </a>
            </li>
            <li>
              <a
                href=""
                id="navbar-link-language-es"
                onClick={[Function]}
              >
                ðŸ‡ªðŸ‡¸
                 
                EspaÃ±ol (ES)
              </a>
            </li>
            <li>
              <a
                href=""
                id="navbar-link-language-fr"
                onClick={[Function]}
              >
                ðŸ‡«ðŸ‡·
                 
                FranÃ§ais (FR)
              </a>
            </li>
            <li>
              <a
                href=""
                id="navbar-link-language-it"
                onClick={[Function]}
              >
                ðŸ‡®ðŸ‡¹
                 
                Italiano (IT)
              </a>
            </li>
            <li>
              <a
                href=""
                id="navbar-link-language-ja"
                onClick={[Function]}
              >
                ðŸ‡¯ðŸ‡µ
                 
                æ—¥æœ¬èªž (JA)
              </a>
            </li>
            <li>
              <a
                href=""
                id="navbar-link-language-nl"
                onClick={[Function]}
              >
                ðŸ‡³ðŸ‡±
                 
                Nederlands (NL)
              </a>
            </li>
            <li>
              <a
                href=""
                id="navbar-link-language-pt-BR"
                onClick={[Function]}
              >
                ðŸ‡§ðŸ‡·
                 
                PortuguÃªs (BR)
              </a>
            </li>
            <li>
              <a
                href=""
                id="navbar-link-language-tr"
                onClick={[Function]}
              >
                ðŸ‡¹ðŸ‡·
                 
                TÃ¼rkÃ§e (TR)
              </a>
            </li>
            <li>
              <a
                href="https://github.com/tmoitie/iRacing-week-planner/blob/master/Translate.md"
                rel="noreferrer"
                target="_blank"
              >
                Help me translate!
              </a>
            </li>
          </ul>
        </li>
      </ul>
    </div>
  </nav>
  <div
    className="container-fluid"
  >
    <div
      className="row"
    >
      <div
        className="col-md-2"
      >
        <div>
          <button
            className="bmcButton"
            onClick={[Function]}
            onKeyPress={[Function]}
            type="button"
          >
            <img
              alt="Buy me a coffee"
              src="https://cdn.buymeacoffee.com/buttons/bmc-new-btn-logo.svg"
            />
            <span
              style={
                Object {
                  "marginLeft": "5px",
                }
              }
            >
              Buy me a coffee
            </span>
          </button>
        </div>
        <h3>
          Filters
        </h3>
        <div
          style={
            Object {
              "fontSize": "0.8em",
            }
          }
        >
          <h4>
            Type
          </h4>
          <div
            className="checkbox"
          >
            <label
              htmlFor="checkbox-type-oval"
            >
              <input
                checked={true}
                disabled={false}
                id="checkbox-type-oval"
                onChange={[Function]}
                type="checkbox"
              />
              Oval
            </label>
          </div>
          <div
            className="checkbox"
          >
            <label
              htmlFor="checkbox-type-road"
            >
              <input
                checked={true}
                disabled={false}
                id="checkbox-type-road"
                onChange={[Function]}
                type="checkbox"
              />
              Road
            </label>
          </div>
          <div
            className="checkbox"
          >
            <label
              htmlFor="checkbox-type-dirt"
            >
              <input
                checked={true}
                disabled={false}
                id="checkbox-type-dirt"
                onChange={[Function]}
                type="checkbox"
              />
              Dirt
            </label>
          </div>
          <div
            className="checkbox"
          >
            <label
              htmlFor="checkbox-type-rx"
            >
              <input
                checked={true}
                disabled={false}
                id="checkbox-type-rx"
                onChange={[Function]}
                type="checkbox"
              />
              RX
            </label>
          </div>
          <h4>
            Licence
          </h4>
          <div
            className="checkbox"
          >
            <label
              htmlFor="checkbox-licence-r"
            >
              <input
                checked={true}
                disabled={false}
                id="checkbox-licence-r"
                onChange={[Function]}
                type="checkbox"
              />
              R
            </label>
          </div>
          <div
            className="checkbox"
          >
            <label
              htmlFor="checkbox-licence-d"
            >
              <input
                checked={true}
                disabled={false}
                id="checkbox-licence-d"
                onChange={[Function]}
                type="checkbox"
              />
              D
            </label>
          </div>
          <div
            className="checkbox"
          >
            <label
              htmlFor="checkbox-licence-c"
            >
              <input
                checked={true}
                disabled={false}
                id="checkbox-licence-c"
                onChange={[Function]}
                type="checkbox"
              />
              C
            </label>
          </div>
          <div
            className="checkbox"
          >
            <label
              htmlFor="checkbox-licence-b"
            >
              <input
                checked={true}
                disabled={false}
                id="checkbox-licence-b"
                onChange={[Function]}
                type="checkbox"
              />
              B
            </label>
          </div>
          <div
            className="checkbox"
          >
            <label
              htmlFor="checkbox-licence-a"
            >
              <input
                checked={true}
                disabled={false}
                id="checkbox-licence-a"
                onChange={[Function]}
                type="checkbox"
              />
              A
            </label>
          </div>
          <div
            className="checkbox"
          >
            <label
              htmlFor="checkbox-licence-p"
            >
              <input
                checked={true}
                disabled={false}
                id="checkbox-licence-p"
                onChange={[Function]}
                type="checkbox"
              />
              P
            </label>
          </div>
          <h4>
            Official/Fixed
          </h4>
          <div
            className="checkbox"
          >
            <label
              htmlFor="checkbox-official-false"
            >
              <input
                checked={true}
                disabled={false}
                id="checkbox-official-false"
                onChange={[Function]}
                type="checkbox"
              />
              Unofficial
            </label>
          </div>
          <div
            className="checkbox"
          >
            <label
              htmlFor="checkbox-official-true"
            >
              <input
                checked={true}
                disabled={false}
                id="checkbox-official-true"
                onChange={[Function]}
                type="checkbox"
              />
              Official
            </label>
          </div>
          <div
            className="checkbox"
          >
            <label
              htmlFor="checkbox-fixed-false"
            >
              <input
                checked={true}
                disabled={false}
                id="checkbox-fixed-false"
                onChange={[Function]}
                type="checkbox"
              />
              Open setup
            </label>
          </div>
          <div
            className="checkbox"
          >
            <label
              htmlFor="checkbox-fixed-true"
            >
              <input
                checked={true}
                disabled={false}
                id="checkbox-fixed-true"
                onChange={[Function]}
                type="checkbox"
              />
              Fixed setup
            </label>
          </div>
          <h4>
            Content
          </h4>
          <div
            className="checkbox"
          >
            <label
              htmlFor="checkbox-ownedCars"
            >
              <input
                checked={false}
                disabled={false}
                id="checkbox-ownedCars"
                onChange={[Function]}
                type="checkbox"
              />
              Owned cars only
            </label>
          </div>
          <div
            className="checkbox"
          >
            <label
              htmlFor="checkbox-ownedTracks"
            >
              <input
                checked={false}
                disabled={false}
                id="checkbox-ownedTracks"
                onChange={[Function]}
                type="checkbox"
              />
              Owned tracks only
            </label>
          </div>
          <div
            className="checkbox"
          >
            <label
              htmlFor="checkbox-favouriteSeries"
            >
              <input
                checked={false}
                disabled={false}
                id="checkbox-favouriteSeries"
                onChange={[Function]}
                type="checkbox"
              />
              Favorite series only
            </label>
          </div>
          <div
            className="checkbox"
          >
            <label
              htmlFor="checkbox-favouriteCarsOnly"
            >
              <input
                checked={false}
                disabled={false}
                id="checkbox-favouriteCarsOnly"
                onChange={[Function]}
                type="checkbox"
              />
              Favorite cars only
            </label>
          </div>
          <div
            className="checkbox"
          >
            <label
              htmlFor="checkbox-favouriteTracksOnly"
            >
              <input
                checked={false}
                disabled={false}
                id="checkbox-favouriteTracksOnly"
                onChange={[Function]}
                type="checkbox"
              />
              Favorite tracks only
            </label>
          </div>
          <p>
            <button
              className="btn btn-primary"
              id="filters-reset-filters-button"
              onClick={[Function]}
              type="button"
            >
              Reset filters
            </button>
          </p>
          <p>
            <button
              className="btn btn-primary"
              id="filters-reset-settings-button"
              onClick={[Function]}
              type="button"
            >
              Reset all settings
            </button>
          </p>
        </div>
      </div>
      <div
        className="col-md-10"
      >
        <div
          className="row"
        >
          <h3
            className="col-xs-8"
          >
            Races for date: September 10, 2022
          </h3>
          <h3
            className="col-xs-4"
            style={
              Object {
                "textAlign": "right",
              }
            }
          >
            Week 1
          </h3>
        </div>
        <div
          style={
            Object {
              "marginBottom": 10,
            }
          }
        >
          <div
            className="bp3-slider bp3-slider-unlabeled"
            onMouseDown={[Function]}
            onTouchStart={[Function]}
          >
            <div
              className="bp3-slider-track"
            >
              <div
                className="bp3-slider-progress"
                style={
                  Object {
                    "left": "0.00%",
                    "right": "100.00%",
                    "top": 0,
                  }
                }
              />
              <div
                className="bp3-slider-progress bp3-intent-primary"
                style={
                  Object {
                    "left": "0.00%",
                    "right": "100.00%",
                    "top": 0,
                  }
                }
              />
              <div
                className="bp3-slider-progress"
                style={
                  Object {
                    "left": "0.00%",
                    "right": "100.00%",
                    "top": 0,
                  }
                }
              />
            </div>
            <div
              className="bp3-slider-axis"
            />
            <span
              className="bp3-slider-handle"
              onKeyDown={[Function]}
              onKeyUp={[Function]}
              onMouseDown={[Function]}
              onTouchStart={[Function]}
              style={Object {}}
              tabIndex={0}
            />
          </div>
        </div>
        <div
          className="table-responsive raceListing"
        >
          <table
            className="table"
            style={
              Object {
                "fontSize": "0.8em",
              }
            }
          >
            <thead>
              <tr>
                <th
                  className="clickableCell"
                  id="raceListing-th-id"
                >
                  <button
                    className="cellButton"
                    onClick={[Function]}
                    onKeyPress={[Function]}
                    type="button"
                  >
                    ID
                    <span>
                       
                    </span>
                    <span
                      className="glyphicon glyphicon-triangle-top"
                    />
                  </button>
                </th>
              </tr>
            </thead>
            <tbody>
              <tr>
                <td>
                  <div>
                    245
                  </div>
                </td>
              </tr>
              <tr>
                <td>
                  <div>
                    374
                  </div>
                </td>
              </tr>
            </tbody>
          </table>
        </div>
      </div>
    </div>
  </div>
</div>
`;
