// Jest Snapshot v1, https://goo.gl/fbAQLP

exports[`components/icon/RemoveIcon renders correctly 1`] = `
<span
  className="glyphicon glyphicon-remove"
/>
`;
