// Jest Snapshot v1, https://goo.gl/fbAQLP

exports[`components/columns/EndDate renders correctly 1`] = `
<td>
  <div>
    2020-09-28
  </div>
</td>
`;
