// Jest Snapshot v1, https://goo.gl/fbAQLP

exports[`components/columns/Id renders correctly 1`] = `
<td>
  <div>
    234
  </div>
</td>
`;
