// Jest Snapshot v1, https://goo.gl/fbAQLP

exports[`components/columns/Licence renders correctly 1`] = `
<td>
  <LicenceLevel
    effective={false}
    licence={7}
  />
</td>
`;
