// Jest Snapshot v1, https://goo.gl/fbAQLP

exports[`components/columns/Official renders correctly 1`] = `
<td>
  <div>
    <TickIcon />
  </div>
</td>
`;

exports[`components/columns/Official renders false correctly 1`] = `
<td>
  <div />
</td>
`;
