// Jest Snapshot v1, https://goo.gl/fbAQLP

exports[`components/columns/SeasonEnd renders correctly 1`] = `
<td>
  <div>
    2020-09-26
  </div>
</td>
`;
