// Jest Snapshot v1, https://goo.gl/fbAQLP

exports[`components/columns/Type renders correctly 1`] = `
<td>
  <div>
    RX
  </div>
</td>
`;
